[debug] [2025-03-19T07:57:44.162Z] ----------------------------------------------------------------------
[debug] [2025-03-19T07:57:44.163Z] Command:       /home/harry/.nvm/versions/node/v22.13.1/bin/node /home/harry/.nvm/versions/node/v22.13.1/bin/firebase emulators:start --only functions
[debug] [2025-03-19T07:57:44.163Z] CLI Version:   13.34.0
[debug] [2025-03-19T07:57:44.163Z] Platform:      linux
[debug] [2025-03-19T07:57:44.163Z] Node Version:  v22.13.1
[debug] [2025-03-19T07:57:44.163Z] Time:          Wed Mar 19 2025 09:57:44 GMT+0200 (Eastern European Standard Time)
[debug] [2025-03-19T07:57:44.163Z] ----------------------------------------------------------------------
[debug] 
[debug] [2025-03-19T07:57:44.243Z] > command requires scopes: ["email","openid","https://www.googleapis.com/auth/cloudplatformprojects.readonly","https://www.googleapis.com/auth/firebase","https://www.googleapis.com/auth/cloud-platform"]
[debug] [2025-03-19T07:57:44.244Z] > authorizing via signed-in user (haristsitsirigos@gmail.com)
[info] i  emulators: Starting emulators: functions {"metadata":{"emulator":{"name":"hub"},"message":"Starting emulators: functions"}}
[debug] [2025-03-19T07:57:44.248Z] [logging] Logging Emulator only supports listening on one address (127.0.0.1). Not listening on ::1
[debug] [2025-03-19T07:57:44.248Z] assigned listening specs for emulators {"user":{"hub":[{"address":"127.0.0.1","family":"IPv4","port":4400},{"address":"::1","family":"IPv6","port":4400}],"ui":[{"address":"127.0.0.1","family":"IPv4","port":4000},{"address":"::1","family":"IPv6","port":4000}],"logging":[{"address":"127.0.0.1","family":"IPv4","port":4500}]},"metadata":{"message":"assigned listening specs for emulators"}}
[debug] [2025-03-19T07:57:44.249Z] [hub] writing locator at /tmp/hub-latin-app-prod.json
[debug] [2025-03-19T07:57:44.254Z] [functions] Functions Emulator only supports listening on one address (127.0.0.1). Not listening on ::1
[debug] [2025-03-19T07:57:44.255Z] [eventarc] Eventarc Emulator only supports listening on one address (127.0.0.1). Not listening on ::1
[debug] [2025-03-19T07:57:44.255Z] [tasks] Cloud Tasks Emulator only supports listening on one address (127.0.0.1). Not listening on ::1
[debug] [2025-03-19T07:57:44.255Z] late-assigned ports for functions and eventarc emulators {"user":{"hub":[{"address":"127.0.0.1","family":"IPv4","port":4400},{"address":"::1","family":"IPv6","port":4400}],"ui":[{"address":"127.0.0.1","family":"IPv4","port":4000},{"address":"::1","family":"IPv6","port":4000}],"logging":[{"address":"127.0.0.1","family":"IPv4","port":4500}],"functions":[{"address":"127.0.0.1","family":"IPv4","port":5001}],"eventarc":[{"address":"127.0.0.1","family":"IPv4","port":9299}],"tasks":[{"address":"127.0.0.1","family":"IPv4","port":9499}]},"metadata":{"message":"late-assigned ports for functions and eventarc emulators"}}
[warn] ⚠  functions: The following emulators are not running, calls to these services from the Functions emulator will affect production: apphosting, auth, firestore, database, hosting, pubsub, storage, dataconnect {"metadata":{"emulator":{"name":"functions"},"message":"The following emulators are not running, calls to these services from the Functions emulator will affect production: \u001b[1mapphosting, auth, firestore, database, hosting, pubsub, storage, dataconnect\u001b[22m"}}
[debug] [2025-03-19T07:57:44.255Z] defaultcredentials: writing to file /home/harry/.config/firebase/haristsitsirigos_gmail_com_application_default_credentials.json
[debug] [2025-03-19T07:57:44.256Z] Setting GAC to /home/harry/.config/firebase/haristsitsirigos_gmail_com_application_default_credentials.json {"metadata":{"emulator":{"name":"functions"},"message":"Setting GAC to /home/harry/.config/firebase/haristsitsirigos_gmail_com_application_default_credentials.json"}}
[debug] [2025-03-19T07:57:44.256Z] Checked if tokens are valid: true, expires at: 1742372538955
[debug] [2025-03-19T07:57:44.256Z] Checked if tokens are valid: true, expires at: 1742372538955
[debug] [2025-03-19T07:57:44.257Z] >>> [apiv2][query] GET https://firebase.googleapis.com/v1beta1/projects/latin-app-prod/adminSdkConfig [none]
[debug] [2025-03-19T07:57:44.604Z] <<< [apiv2][status] GET https://firebase.googleapis.com/v1beta1/projects/latin-app-prod/adminSdkConfig 200
[debug] [2025-03-19T07:57:44.604Z] <<< [apiv2][body] GET https://firebase.googleapis.com/v1beta1/projects/latin-app-prod/adminSdkConfig {"projectId":"latin-app-prod","storageBucket":"latin-app-prod.firebasestorage.app"}
[info] i  functions: Watching "/home/harry/Documents/Development/chris/latin-app/functions" for Cloud Functions... {"metadata":{"emulator":{"name":"functions"},"message":"Watching \"/home/harry/Documents/Development/chris/latin-app/functions\" for Cloud Functions..."}}
[debug] [2025-03-19T07:57:44.614Z] Validating nodejs source
[debug] [2025-03-19T07:57:44.797Z] > [functions] package.json contents: {
  "name": "functions",
  "scripts": {
    "lint": "eslint .",
    "build": "tsc",
    "build:watch": "tsc --watch",
    "serve": "npm run build && firebase emulators:start --only functions",
    "shell": "npm run build && firebase functions:shell",
    "start": "npm run shell",
    "deploy": "firebase deploy --only functions",
    "logs": "firebase functions:log"
  },
  "engines": {
    "node": "22"
  },
  "main": "lib/index.js",
  "dependencies": {
    "firebase-admin": "^12.6.0",
    "firebase-functions": "^6.0.1"
  },
  "devDependencies": {
    "@typescript-eslint/eslint-plugin": "^5.12.0",
    "@typescript-eslint/parser": "^5.12.0",
    "eslint": "^8.9.0",
    "eslint-config-google": "^0.14.0",
    "eslint-plugin-import": "^2.25.4",
    "firebase-functions-test": "^3.1.0",
    "typescript": "^4.9.0"
  },
  "private": true
}
[debug] [2025-03-19T07:57:44.797Z] Building nodejs source
[debug] [2025-03-19T07:57:44.797Z] Failed to find version of module node: reached end of search path /home/harry/Documents/Development/chris/latin-app/functions/node_modules
[info] ✔  functions: Using node@22 from host. 
[debug] [2025-03-19T07:57:44.798Z] Could not find functions.yaml. Must use http discovery
[debug] [2025-03-19T07:57:44.799Z] Found firebase-functions binary at '/home/harry/Documents/Development/chris/latin-app/functions/node_modules/.bin/firebase-functions'
[info] Serving at port 8604

[debug] [2025-03-19T07:57:44.895Z] Got response from /__/functions.yaml {"endpoints":{"environment":{"availableMemoryMb":null,"timeoutSeconds":null,"minInstances":null,"maxInstances":null,"ingressSettings":null,"concurrency":null,"serviceAccountEmail":null,"vpc":null,"platform":"gcfv2","labels":{},"callableTrigger":{},"entryPoint":"environment"}},"specVersion":"v1alpha1","requiredAPIs":[],"extensions":{}}
[info] ✔  functions: Loaded functions definitions from source: environment. {"metadata":{"emulator":{"name":"functions"},"message":"Loaded functions definitions from source: environment."}}
[info] ✔  functions[us-central1-environment]: http function initialized (http://127.0.0.1:5001/latin-app-prod/us-central1/environment). {"metadata":{"emulator":{"name":"functions"},"message":"\u001b[1mhttp\u001b[22m function initialized (http://127.0.0.1:5001/latin-app-prod/us-central1/environment)."}}
[debug] [2025-03-19T07:57:48.908Z] Could not find VSCode notification endpoint: FetchError: request to http://localhost:40001/vscode/notify failed, reason: connect ECONNREFUSED 127.0.0.1:40001. If you are not running the Firebase Data Connect VSCode extension, this is expected and not an issue.
[info] 
┌─────────────────────────────────────────────────────────────┐
│ ✔  All emulators ready! It is now safe to connect your app. │
│ i  View Emulator UI at http://127.0.0.1:4000/               │
└─────────────────────────────────────────────────────────────┘

┌───────────┬────────────────┬─────────────────────────────────┐
│ Emulator  │ Host:Port      │ View in Emulator UI             │
├───────────┼────────────────┼─────────────────────────────────┤
│ Functions │ 127.0.0.1:5001 │ http://127.0.0.1:4000/functions │
└───────────┴────────────────┴─────────────────────────────────┘
  Emulator Hub host: 127.0.0.1 port: 4400
  Other reserved ports: 4500

Issues? Report them at https://github.com/firebase/firebase-tools/issues and attach the *-debug.log files.
 
[debug] [2025-03-19T07:58:01.312Z] [work-queue] {"queuedWork":["/latin-app-prod/us-central1/environment-2025-03-19T07:58:01.312Z"],"queueLength":1,"runningWork":[],"workRunningCount":0}
[debug] [2025-03-19T07:58:01.312Z] [work-queue] {"queuedWork":[],"queueLength":0,"runningWork":["/latin-app-prod/us-central1/environment-2025-03-19T07:58:01.312Z"],"workRunningCount":1}
[debug] [2025-03-19T07:58:01.312Z] Accepted request OPTIONS /latin-app-prod/us-central1/environment --> us-central1-environment
[debug] [2025-03-19T07:58:01.313Z] [functions] Runtime ready! Sending request! {"metadata":{"emulator":{"name":"functions"},"message":"[functions] Runtime ready! Sending request!"}}
[debug] [2025-03-19T07:58:01.313Z] [functions] Got req.url=/latin-app-prod/us-central1/environment, mapping to path=/ {"metadata":{"emulator":{"name":"functions"},"message":"[functions] Got req.url=/latin-app-prod/us-central1/environment, mapping to path=/"}}
[debug] [2025-03-19T07:58:01.316Z] [worker-pool] addWorker(us-central1-environment) {"metadata":{"emulator":{"name":"functions"},"message":"[worker-pool] addWorker(us-central1-environment)"}}
[debug] [2025-03-19T07:58:01.316Z] [worker-pool] Adding worker with key us-central1-environment, total=1 {"metadata":{"emulator":{"name":"functions"},"message":"[worker-pool] Adding worker with key us-central1-environment, total=1"}}
[info] >  (node:146083) [DEP0040] DeprecationWarning: The `punycode` module is deprecated. Please use a userland alternative instead. {"user":"(node:146083) [DEP0040] DeprecationWarning: The `punycode` module is deprecated. Please use a userland alternative instead.","metadata":{"emulator":{"name":"functions"},"function":{"name":"us-central1-environment"},"extension":{},"message":"\u001b[90m> \u001b[39m (node:146083) [DEP0040] DeprecationWarning: The `punycode` module is deprecated. Please use a userland alternative instead."}}
[info] >  (Use `node --trace-deprecation ...` to show where the warning was created) {"user":"(Use `node --trace-deprecation ...` to show where the warning was created)","metadata":{"emulator":{"name":"functions"},"function":{"name":"us-central1-environment"},"extension":{},"message":"\u001b[90m> \u001b[39m (Use `node --trace-deprecation ...` to show where the warning was created)"}}
[debug] [2025-03-19T07:58:01.644Z] [runtime-status] [146083] Resolved module firebase-admin {"declared":true,"installed":true,"version":"12.7.0","resolution":"/home/harry/Documents/Development/chris/latin-app/functions/node_modules/firebase-admin/lib/index.js"} {"metadata":{"emulator":{"name":"functions"},"function":{"name":"us-central1-environment"},"extension":{},"message":"[runtime-status] [146083] Resolved module firebase-admin {\"declared\":true,\"installed\":true,\"version\":\"12.7.0\",\"resolution\":\"/home/harry/Documents/Development/chris/latin-app/functions/node_modules/firebase-admin/lib/index.js\"}"}}
[debug] [2025-03-19T07:58:01.644Z] [runtime-status] [146083] Resolved module firebase-functions {"declared":true,"installed":true,"version":"6.3.2","resolution":"/home/harry/Documents/Development/chris/latin-app/functions/node_modules/firebase-functions/lib/v2/index.js"} {"metadata":{"emulator":{"name":"functions"},"function":{"name":"us-central1-environment"},"extension":{},"message":"[runtime-status] [146083] Resolved module firebase-functions {\"declared\":true,\"installed\":true,\"version\":\"6.3.2\",\"resolution\":\"/home/harry/Documents/Development/chris/latin-app/functions/node_modules/firebase-functions/lib/v2/index.js\"}"}}
[debug] [2025-03-19T07:58:01.644Z] [runtime-status] [146083] Outgoing network have been stubbed. [{"name":"http","status":"mocked"},{"name":"http","status":"mocked"},{"name":"https","status":"mocked"},{"name":"https","status":"mocked"},{"name":"net","status":"mocked"}] {"metadata":{"emulator":{"name":"functions"},"function":{"name":"us-central1-environment"},"extension":{},"message":"[runtime-status] [146083] Outgoing network have been stubbed. [{\"name\":\"http\",\"status\":\"mocked\"},{\"name\":\"http\",\"status\":\"mocked\"},{\"name\":\"https\",\"status\":\"mocked\"},{\"name\":\"https\",\"status\":\"mocked\"},{\"name\":\"net\",\"status\":\"mocked\"}]"}}
[debug] [2025-03-19T07:58:01.644Z] [runtime-status] [146083] Resolved module firebase-functions {"declared":true,"installed":true,"version":"6.3.2","resolution":"/home/harry/Documents/Development/chris/latin-app/functions/node_modules/firebase-functions/lib/v2/index.js"} {"metadata":{"emulator":{"name":"functions"},"function":{"name":"us-central1-environment"},"extension":{},"message":"[runtime-status] [146083] Resolved module firebase-functions {\"declared\":true,\"installed\":true,\"version\":\"6.3.2\",\"resolution\":\"/home/harry/Documents/Development/chris/latin-app/functions/node_modules/firebase-functions/lib/v2/index.js\"}"}}
[debug] [2025-03-19T07:58:01.725Z] [runtime-status] [146083] Checked functions.config() {"config":{}} {"metadata":{"emulator":{"name":"functions"},"function":{"name":"us-central1-environment"},"extension":{},"message":"[runtime-status] [146083] Checked functions.config() {\"config\":{}}"}}
[debug] [2025-03-19T07:58:01.725Z] [runtime-status] [146083] firebase-functions has been stubbed. {"functionsResolution":{"declared":true,"installed":true,"version":"6.3.2","resolution":"/home/harry/Documents/Development/chris/latin-app/functions/node_modules/firebase-functions/lib/v2/index.js"}} {"metadata":{"emulator":{"name":"functions"},"function":{"name":"us-central1-environment"},"extension":{},"message":"[runtime-status] [146083] firebase-functions has been stubbed. {\"functionsResolution\":{\"declared\":true,\"installed\":true,\"version\":\"6.3.2\",\"resolution\":\"/home/harry/Documents/Development/chris/latin-app/functions/node_modules/firebase-functions/lib/v2/index.js\"}}"}}
[debug] [2025-03-19T07:58:01.725Z] [runtime-status] [146083] Resolved module firebase-functions {"declared":true,"installed":true,"version":"6.3.2","resolution":"/home/harry/Documents/Development/chris/latin-app/functions/node_modules/firebase-functions/lib/v2/index.js"} {"metadata":{"emulator":{"name":"functions"},"function":{"name":"us-central1-environment"},"extension":{},"message":"[runtime-status] [146083] Resolved module firebase-functions {\"declared\":true,\"installed\":true,\"version\":\"6.3.2\",\"resolution\":\"/home/harry/Documents/Development/chris/latin-app/functions/node_modules/firebase-functions/lib/v2/index.js\"}"}}
[debug] [2025-03-19T07:58:01.726Z] [runtime-status] [146083] Resolved module firebase-admin {"declared":true,"installed":true,"version":"12.7.0","resolution":"/home/harry/Documents/Development/chris/latin-app/functions/node_modules/firebase-admin/lib/index.js"} {"metadata":{"emulator":{"name":"functions"},"function":{"name":"us-central1-environment"},"extension":{},"message":"[runtime-status] [146083] Resolved module firebase-admin {\"declared\":true,\"installed\":true,\"version\":\"12.7.0\",\"resolution\":\"/home/harry/Documents/Development/chris/latin-app/functions/node_modules/firebase-admin/lib/index.js\"}"}}
[debug] [2025-03-19T07:58:01.727Z] [runtime-status] [146083] Resolved module firebase-functions {"declared":true,"installed":true,"version":"6.3.2","resolution":"/home/harry/Documents/Development/chris/latin-app/functions/node_modules/firebase-functions/lib/v2/index.js"} {"metadata":{"emulator":{"name":"functions"},"function":{"name":"us-central1-environment"},"extension":{},"message":"[runtime-status] [146083] Resolved module firebase-functions {\"declared\":true,\"installed\":true,\"version\":\"6.3.2\",\"resolution\":\"/home/harry/Documents/Development/chris/latin-app/functions/node_modules/firebase-functions/lib/v2/index.js\"}"}}
[debug] [2025-03-19T07:58:01.727Z] [runtime-status] [146083] firebase-admin has been stubbed. {"adminResolution":{"declared":true,"installed":true,"version":"12.7.0","resolution":"/home/harry/Documents/Development/chris/latin-app/functions/node_modules/firebase-admin/lib/index.js"}} {"metadata":{"emulator":{"name":"functions"},"function":{"name":"us-central1-environment"},"extension":{},"message":"[runtime-status] [146083] firebase-admin has been stubbed. {\"adminResolution\":{\"declared\":true,\"installed\":true,\"version\":\"12.7.0\",\"resolution\":\"/home/harry/Documents/Development/chris/latin-app/functions/node_modules/firebase-admin/lib/index.js\"}}"}}
[debug] [2025-03-19T07:58:01.729Z] [runtime-status] [146083] Functions runtime initialized. {"cwd":"/home/harry/Documents/Development/chris/latin-app/functions","node_version":"22.13.1"} {"metadata":{"emulator":{"name":"functions"},"function":{"name":"us-central1-environment"},"extension":{},"message":"[runtime-status] [146083] Functions runtime initialized. {\"cwd\":\"/home/harry/Documents/Development/chris/latin-app/functions\",\"node_version\":\"22.13.1\"}"}}
[debug] [2025-03-19T07:58:01.730Z] [runtime-status] [146083] Listening to port: /tmp/fire_emu_461b0df277bef18a.sock {"metadata":{"emulator":{"name":"functions"},"function":{"name":"us-central1-environment"},"extension":{},"message":"[runtime-status] [146083] Listening to port: /tmp/fire_emu_461b0df277bef18a.sock"}}
[debug] [2025-03-19T07:58:01.822Z] [worker-us-central1-environment-aa3c2b3d-23bd-48cf-a729-8398997d2fb1]: IDLE {"metadata":{"emulator":{"name":"functions"},"function":{"name":"us-central1-environment"},"extension":{},"message":"[worker-us-central1-environment-aa3c2b3d-23bd-48cf-a729-8398997d2fb1]: IDLE"}}
[debug] [2025-03-19T07:58:01.822Z] [worker-pool] submitRequest(triggerId=us-central1-environment) {"metadata":{"emulator":{"name":"functions"},"message":"[worker-pool] submitRequest(triggerId=us-central1-environment)"}}
[info] i  functions: Beginning execution of "us-central1-environment" {"metadata":{"emulator":{"name":"functions"},"function":{"name":"us-central1-environment"},"extension":{},"message":"Beginning execution of \"us-central1-environment\""}}
[debug] [2025-03-19T07:58:01.822Z] [worker-us-central1-environment-aa3c2b3d-23bd-48cf-a729-8398997d2fb1]: BUSY {"metadata":{"emulator":{"name":"functions"},"function":{"name":"us-central1-environment"},"extension":{},"message":"[worker-us-central1-environment-aa3c2b3d-23bd-48cf-a729-8398997d2fb1]: BUSY"}}
[debug] [2025-03-19T07:58:01.824Z] Finishing up request with event=pause {"metadata":{"emulator":{"name":"functions"},"function":{"name":"us-central1-environment"},"extension":{},"message":"Finishing up request with event=pause"}}
[info] i  functions: Finished "us-central1-environment" in 2.230992ms {"metadata":{"emulator":{"name":"functions"},"function":{"name":"us-central1-environment"},"extension":{},"message":"Finished \"us-central1-environment\" in 2.230992ms"}}
[debug] [2025-03-19T07:58:01.825Z] [worker-us-central1-environment-aa3c2b3d-23bd-48cf-a729-8398997d2fb1]: IDLE {"metadata":{"emulator":{"name":"functions"},"function":{"name":"us-central1-environment"},"extension":{},"message":"[worker-us-central1-environment-aa3c2b3d-23bd-48cf-a729-8398997d2fb1]: IDLE"}}
[debug] [2025-03-19T07:58:01.825Z] Finishing up request with event=finish {"metadata":{"emulator":{"name":"functions"},"function":{"name":"us-central1-environment"},"extension":{},"message":"Finishing up request with event=finish"}}
[debug] [2025-03-19T07:58:01.825Z] Finishing up request with event=close {"metadata":{"emulator":{"name":"functions"},"function":{"name":"us-central1-environment"},"extension":{},"message":"Finishing up request with event=close"}}
[debug] [2025-03-19T07:58:01.825Z] [work-queue] {"queuedWork":[],"queueLength":0,"runningWork":[],"workRunningCount":0}
[debug] [2025-03-19T07:58:01.826Z] [work-queue] {"queuedWork":["/latin-app-prod/us-central1/environment-2025-03-19T07:58:01.826Z"],"queueLength":1,"runningWork":[],"workRunningCount":0}
[debug] [2025-03-19T07:58:01.826Z] [work-queue] {"queuedWork":[],"queueLength":0,"runningWork":["/latin-app-prod/us-central1/environment-2025-03-19T07:58:01.826Z"],"workRunningCount":1}
[debug] [2025-03-19T07:58:01.826Z] Accepted request POST /latin-app-prod/us-central1/environment --> us-central1-environment
[debug] [2025-03-19T07:58:01.826Z] [functions] Runtime ready! Sending request! {"metadata":{"emulator":{"name":"functions"},"message":"[functions] Runtime ready! Sending request!"}}
[debug] [2025-03-19T07:58:01.827Z] [functions] Got req.url=/latin-app-prod/us-central1/environment, mapping to path=/ {"metadata":{"emulator":{"name":"functions"},"message":"[functions] Got req.url=/latin-app-prod/us-central1/environment, mapping to path=/"}}
[debug] [2025-03-19T07:58:01.827Z] [worker-pool] submitRequest(triggerId=us-central1-environment) {"metadata":{"emulator":{"name":"functions"},"message":"[worker-pool] submitRequest(triggerId=us-central1-environment)"}}
[info] i  functions: Beginning execution of "us-central1-environment" {"metadata":{"emulator":{"name":"functions"},"function":{"name":"us-central1-environment"},"extension":{},"message":"Beginning execution of \"us-central1-environment\""}}
[debug] [2025-03-19T07:58:01.827Z] [worker-us-central1-environment-aa3c2b3d-23bd-48cf-a729-8398997d2fb1]: BUSY {"metadata":{"emulator":{"name":"functions"},"function":{"name":"us-central1-environment"},"extension":{},"message":"[worker-us-central1-environment-aa3c2b3d-23bd-48cf-a729-8398997d2fb1]: BUSY"}}
[info] >  {"verifications":{"app":"MISSING","auth":"VALID"},"logging.googleapis.com/labels":{"firebase-log-type":"callable-request-verification"},"severity":"DEBUG","message":"Callable request verification passed"} {"user":{"verifications":{"app":"MISSING","auth":"VALID"},"logging.googleapis.com/labels":{"firebase-log-type":"callable-request-verification"},"severity":"DEBUG","message":"Callable request verification passed"},"metadata":{"emulator":{"name":"functions"},"function":{"name":"us-central1-environment"},"extension":{},"message":"\u001b[90m> \u001b[39m {\"verifications\":{\"app\":\"MISSING\",\"auth\":\"VALID\"},\"logging.googleapis.com/labels\":{\"firebase-log-type\":\"callable-request-verification\"},\"severity\":\"DEBUG\",\"message\":\"Callable request verification passed\"}"}}
[info] >  {"environment":"production","severity":"INFO","message":"Environment requested:"} {"user":{"environment":"production","severity":"INFO","message":"Environment requested:"},"metadata":{"emulator":{"name":"functions"},"function":{"name":"us-central1-environment"},"extension":{},"message":"\u001b[90m> \u001b[39m {\"environment\":\"production\",\"severity\":\"INFO\",\"message\":\"Environment requested:\"}"}}
[info] >  Running in production environment {"user":"Running in production environment","metadata":{"emulator":{"name":"functions"},"function":{"name":"us-central1-environment"},"extension":{},"message":"\u001b[90m> \u001b[39m Running in production environment"}}
[debug] [2025-03-19T07:58:01.832Z] Finishing up request with event=pause {"metadata":{"emulator":{"name":"functions"},"function":{"name":"us-central1-environment"},"extension":{},"message":"Finishing up request with event=pause"}}
[info] i  functions: Finished "us-central1-environment" in 5.86263ms {"metadata":{"emulator":{"name":"functions"},"function":{"name":"us-central1-environment"},"extension":{},"message":"Finished \"us-central1-environment\" in 5.86263ms"}}
[debug] [2025-03-19T07:58:01.833Z] [worker-us-central1-environment-aa3c2b3d-23bd-48cf-a729-8398997d2fb1]: IDLE {"metadata":{"emulator":{"name":"functions"},"function":{"name":"us-central1-environment"},"extension":{},"message":"[worker-us-central1-environment-aa3c2b3d-23bd-48cf-a729-8398997d2fb1]: IDLE"}}
[debug] [2025-03-19T07:58:01.833Z] Finishing up request with event=finish {"metadata":{"emulator":{"name":"functions"},"function":{"name":"us-central1-environment"},"extension":{},"message":"Finishing up request with event=finish"}}
[debug] [2025-03-19T07:58:01.833Z] Finishing up request with event=close {"metadata":{"emulator":{"name":"functions"},"function":{"name":"us-central1-environment"},"extension":{},"message":"Finishing up request with event=close"}}
[debug] [2025-03-19T07:58:01.833Z] [work-queue] {"queuedWork":[],"queueLength":0,"runningWork":[],"workRunningCount":0}
[debug] [2025-03-19T08:02:41.411Z] File /home/harry/Documents/Development/chris/latin-app/functions/src/index.ts changed, reloading triggers {"metadata":{"emulator":{"name":"functions"},"message":"File /home/harry/Documents/Development/chris/latin-app/functions/src/index.ts changed, reloading triggers"}}
[debug] [2025-03-19T08:02:42.411Z] Validating nodejs source
[debug] [2025-03-19T08:02:42.684Z] > [functions] package.json contents: {
  "name": "functions",
  "scripts": {
    "lint": "eslint .",
    "build": "tsc",
    "build:watch": "tsc --watch",
    "serve": "npm run build && firebase emulators:start --only functions",
    "shell": "npm run build && firebase functions:shell",
    "start": "npm run shell",
    "deploy": "firebase deploy --only functions",
    "logs": "firebase functions:log"
  },
  "engines": {
    "node": "22"
  },
  "main": "lib/index.js",
  "dependencies": {
    "firebase-admin": "^12.6.0",
    "firebase-functions": "^6.0.1"
  },
  "devDependencies": {
    "@typescript-eslint/eslint-plugin": "^5.12.0",
    "@typescript-eslint/parser": "^5.12.0",
    "eslint": "^8.9.0",
    "eslint-config-google": "^0.14.0",
    "eslint-plugin-import": "^2.25.4",
    "firebase-functions-test": "^3.1.0",
    "typescript": "^4.9.0"
  },
  "private": true
}
[debug] [2025-03-19T08:02:42.684Z] Building nodejs source
[debug] [2025-03-19T08:02:42.684Z] Failed to find version of module node: reached end of search path /home/harry/Documents/Development/chris/latin-app/functions/node_modules
[info] ✔  functions: Using node@22 from host. 
[debug] [2025-03-19T08:02:42.685Z] Could not find functions.yaml. Must use http discovery
[debug] [2025-03-19T08:02:42.685Z] Found firebase-functions binary at '/home/harry/Documents/Development/chris/latin-app/functions/node_modules/.bin/firebase-functions'
[info] Serving at port 8345

[debug] [2025-03-19T08:02:42.780Z] Got response from /__/functions.yaml {"endpoints":{"environment":{"availableMemoryMb":null,"timeoutSeconds":null,"minInstances":null,"maxInstances":null,"ingressSettings":null,"concurrency":null,"serviceAccountEmail":null,"vpc":null,"platform":"gcfv2","labels":{},"callableTrigger":{},"entryPoint":"environment"}},"specVersion":"v1alpha1","requiredAPIs":[],"extensions":{}}
[info] ✔  functions: Loaded functions definitions from source: environment. {"metadata":{"emulator":{"name":"functions"},"message":"Loaded functions definitions from source: environment."}}
[debug] [2025-03-19T08:02:46.789Z] [worker-pool] Shutting down IDLE worker (us-central1-environment) {"metadata":{"emulator":{"name":"functions"},"message":"[worker-pool] Shutting down IDLE worker (us-central1-environment)"}}
[debug] [2025-03-19T08:02:46.789Z] [worker-us-central1-environment-aa3c2b3d-23bd-48cf-a729-8398997d2fb1]: FINISHING {"metadata":{"emulator":{"name":"functions"},"function":{"name":"us-central1-environment"},"extension":{},"message":"[worker-us-central1-environment-aa3c2b3d-23bd-48cf-a729-8398997d2fb1]: FINISHING"}}
[debug] [2025-03-19T08:02:46.794Z] [worker-us-central1-environment-aa3c2b3d-23bd-48cf-a729-8398997d2fb1]: exited {"metadata":{"emulator":{"name":"functions"},"function":{"name":"us-central1-environment"},"extension":{},"message":"[worker-us-central1-environment-aa3c2b3d-23bd-48cf-a729-8398997d2fb1]: exited"}}
[debug] [2025-03-19T08:02:46.794Z] [worker-us-central1-environment-aa3c2b3d-23bd-48cf-a729-8398997d2fb1]: FINISHED {"metadata":{"emulator":{"name":"functions"},"function":{"name":"us-central1-environment"},"extension":{},"message":"[worker-us-central1-environment-aa3c2b3d-23bd-48cf-a729-8398997d2fb1]: FINISHED"}}
[debug] [2025-03-19T08:02:59.871Z] File /home/harry/Documents/Development/chris/latin-app/functions/lib/utils/environment.js.map changed, reloading triggers {"metadata":{"emulator":{"name":"functions"},"message":"File /home/harry/Documents/Development/chris/latin-app/functions/lib/utils/environment.js.map changed, reloading triggers"}}
[debug] [2025-03-19T08:02:59.871Z] File /home/harry/Documents/Development/chris/latin-app/functions/lib/utils/environment.js changed, reloading triggers {"metadata":{"emulator":{"name":"functions"},"message":"File /home/harry/Documents/Development/chris/latin-app/functions/lib/utils/environment.js changed, reloading triggers"}}
[debug] [2025-03-19T08:02:59.873Z] File /home/harry/Documents/Development/chris/latin-app/functions/lib/index.js.map changed, reloading triggers {"metadata":{"emulator":{"name":"functions"},"message":"File /home/harry/Documents/Development/chris/latin-app/functions/lib/index.js.map changed, reloading triggers"}}
[debug] [2025-03-19T08:02:59.873Z] File /home/harry/Documents/Development/chris/latin-app/functions/lib/index.js changed, reloading triggers {"metadata":{"emulator":{"name":"functions"},"message":"File /home/harry/Documents/Development/chris/latin-app/functions/lib/index.js changed, reloading triggers"}}
[debug] [2025-03-19T08:03:00.874Z] Validating nodejs source
[debug] [2025-03-19T08:03:01.060Z] > [functions] package.json contents: {
  "name": "functions",
  "scripts": {
    "lint": "eslint .",
    "build": "tsc",
    "build:watch": "tsc --watch",
    "serve": "npm run build && firebase emulators:start --only functions",
    "shell": "npm run build && firebase functions:shell",
    "start": "npm run shell",
    "deploy": "firebase deploy --only functions",
    "logs": "firebase functions:log"
  },
  "engines": {
    "node": "22"
  },
  "main": "lib/index.js",
  "dependencies": {
    "firebase-admin": "^12.6.0",
    "firebase-functions": "^6.0.1"
  },
  "devDependencies": {
    "@typescript-eslint/eslint-plugin": "^5.12.0",
    "@typescript-eslint/parser": "^5.12.0",
    "eslint": "^8.9.0",
    "eslint-config-google": "^0.14.0",
    "eslint-plugin-import": "^2.25.4",
    "firebase-functions-test": "^3.1.0",
    "typescript": "^4.9.0"
  },
  "private": true
}
[debug] [2025-03-19T08:03:01.060Z] Building nodejs source
[debug] [2025-03-19T08:03:01.060Z] Failed to find version of module node: reached end of search path /home/harry/Documents/Development/chris/latin-app/functions/node_modules
[info] ✔  functions: Using node@22 from host. 
[debug] [2025-03-19T08:03:01.060Z] Could not find functions.yaml. Must use http discovery
[debug] [2025-03-19T08:03:01.061Z] Found firebase-functions binary at '/home/harry/Documents/Development/chris/latin-app/functions/node_modules/.bin/firebase-functions'
[info] Serving at port 8774

[debug] [2025-03-19T08:03:01.156Z] Got response from /__/functions.yaml {"endpoints":{"environment":{"availableMemoryMb":null,"timeoutSeconds":null,"minInstances":null,"maxInstances":null,"ingressSettings":null,"concurrency":null,"serviceAccountEmail":null,"vpc":null,"platform":"gcfv2","labels":{},"callableTrigger":{},"entryPoint":"environment"}},"specVersion":"v1alpha1","requiredAPIs":[],"extensions":{}}
[info] ✔  functions: Loaded functions definitions from source: environment. {"metadata":{"emulator":{"name":"functions"},"message":"Loaded functions definitions from source: environment."}}
[debug] [2025-03-19T08:04:58.970Z] File /home/harry/Documents/Development/chris/latin-app/functions/lib/utils/environment.js.map changed, reloading triggers {"metadata":{"emulator":{"name":"functions"},"message":"File /home/harry/Documents/Development/chris/latin-app/functions/lib/utils/environment.js.map changed, reloading triggers"}}
[debug] [2025-03-19T08:04:58.970Z] File /home/harry/Documents/Development/chris/latin-app/functions/lib/utils/environment.js changed, reloading triggers {"metadata":{"emulator":{"name":"functions"},"message":"File /home/harry/Documents/Development/chris/latin-app/functions/lib/utils/environment.js changed, reloading triggers"}}
[debug] [2025-03-19T08:04:58.972Z] File /home/harry/Documents/Development/chris/latin-app/functions/lib/index.js.map changed, reloading triggers {"metadata":{"emulator":{"name":"functions"},"message":"File /home/harry/Documents/Development/chris/latin-app/functions/lib/index.js.map changed, reloading triggers"}}
[debug] [2025-03-19T08:04:58.972Z] File /home/harry/Documents/Development/chris/latin-app/functions/lib/index.js changed, reloading triggers {"metadata":{"emulator":{"name":"functions"},"message":"File /home/harry/Documents/Development/chris/latin-app/functions/lib/index.js changed, reloading triggers"}}
[debug] [2025-03-19T08:04:59.973Z] Validating nodejs source
[debug] [2025-03-19T08:05:00.193Z] > [functions] package.json contents: {
  "name": "functions",
  "scripts": {
    "lint": "eslint .",
    "build": "tsc",
    "build:watch": "tsc --watch",
    "serve": "npm run build && firebase emulators:start --only functions",
    "shell": "npm run build && firebase functions:shell",
    "start": "npm run shell",
    "deploy": "firebase deploy --only functions",
    "logs": "firebase functions:log"
  },
  "engines": {
    "node": "22"
  },
  "main": "lib/index.js",
  "dependencies": {
    "firebase-admin": "^12.6.0",
    "firebase-functions": "^6.0.1"
  },
  "devDependencies": {
    "@typescript-eslint/eslint-plugin": "^5.12.0",
    "@typescript-eslint/parser": "^5.12.0",
    "eslint": "^8.9.0",
    "eslint-config-google": "^0.14.0",
    "eslint-plugin-import": "^2.25.4",
    "firebase-functions-test": "^3.1.0",
    "typescript": "^4.9.0"
  },
  "private": true
}
[debug] [2025-03-19T08:05:00.193Z] Building nodejs source
[debug] [2025-03-19T08:05:00.193Z] Failed to find version of module node: reached end of search path /home/harry/Documents/Development/chris/latin-app/functions/node_modules
[info] ✔  functions: Using node@22 from host. 
[debug] [2025-03-19T08:05:00.193Z] Could not find functions.yaml. Must use http discovery
[debug] [2025-03-19T08:05:00.194Z] Found firebase-functions binary at '/home/harry/Documents/Development/chris/latin-app/functions/node_modules/.bin/firebase-functions'
[info] Serving at port 8412

[debug] [2025-03-19T08:05:00.293Z] Got response from /__/functions.yaml {"endpoints":{"environment":{"availableMemoryMb":null,"timeoutSeconds":null,"minInstances":null,"maxInstances":null,"ingressSettings":null,"concurrency":null,"serviceAccountEmail":null,"vpc":null,"platform":"gcfv2","labels":{},"callableTrigger":{},"entryPoint":"environment"}},"specVersion":"v1alpha1","requiredAPIs":[],"extensions":{}}
[info] ✔  functions: Loaded functions definitions from source: environment. {"metadata":{"emulator":{"name":"functions"},"message":"Loaded functions definitions from source: environment."}}
[debug] [2025-03-19T08:06:25.064Z] File /home/harry/Documents/Development/chris/latin-app/functions/lib/utils/environment.js.map changed, reloading triggers {"metadata":{"emulator":{"name":"functions"},"message":"File /home/harry/Documents/Development/chris/latin-app/functions/lib/utils/environment.js.map changed, reloading triggers"}}
[debug] [2025-03-19T08:06:25.064Z] File /home/harry/Documents/Development/chris/latin-app/functions/lib/utils/environment.js changed, reloading triggers {"metadata":{"emulator":{"name":"functions"},"message":"File /home/harry/Documents/Development/chris/latin-app/functions/lib/utils/environment.js changed, reloading triggers"}}
[debug] [2025-03-19T08:06:25.066Z] File /home/harry/Documents/Development/chris/latin-app/functions/lib/index.js.map changed, reloading triggers {"metadata":{"emulator":{"name":"functions"},"message":"File /home/harry/Documents/Development/chris/latin-app/functions/lib/index.js.map changed, reloading triggers"}}
[debug] [2025-03-19T08:06:25.066Z] File /home/harry/Documents/Development/chris/latin-app/functions/lib/index.js changed, reloading triggers {"metadata":{"emulator":{"name":"functions"},"message":"File /home/harry/Documents/Development/chris/latin-app/functions/lib/index.js changed, reloading triggers"}}
[debug] [2025-03-19T08:06:26.067Z] Validating nodejs source
[debug] [2025-03-19T08:06:26.291Z] > [functions] package.json contents: {
  "name": "functions",
  "scripts": {
    "lint": "eslint .",
    "build": "tsc",
    "build:watch": "tsc --watch",
    "serve": "npm run build && firebase emulators:start --only functions",
    "shell": "npm run build && firebase functions:shell",
    "start": "npm run shell",
    "deploy": "firebase deploy --only functions",
    "logs": "firebase functions:log"
  },
  "engines": {
    "node": "22"
  },
  "main": "lib/index.js",
  "dependencies": {
    "firebase-admin": "^12.6.0",
    "firebase-functions": "^6.0.1"
  },
  "devDependencies": {
    "@typescript-eslint/eslint-plugin": "^5.12.0",
    "@typescript-eslint/parser": "^5.12.0",
    "eslint": "^8.9.0",
    "eslint-config-google": "^0.14.0",
    "eslint-plugin-import": "^2.25.4",
    "firebase-functions-test": "^3.1.0",
    "typescript": "^4.9.0"
  },
  "private": true
}
[debug] [2025-03-19T08:06:26.291Z] Building nodejs source
[debug] [2025-03-19T08:06:26.291Z] Failed to find version of module node: reached end of search path /home/harry/Documents/Development/chris/latin-app/functions/node_modules
[info] ✔  functions: Using node@22 from host. 
[debug] [2025-03-19T08:06:26.292Z] Could not find functions.yaml. Must use http discovery
[debug] [2025-03-19T08:06:26.292Z] Found firebase-functions binary at '/home/harry/Documents/Development/chris/latin-app/functions/node_modules/.bin/firebase-functions'
[info] Serving at port 8703

[debug] [2025-03-19T08:06:26.385Z] Got response from /__/functions.yaml {"endpoints":{"environment":{"availableMemoryMb":null,"timeoutSeconds":null,"minInstances":null,"maxInstances":null,"ingressSettings":null,"concurrency":null,"serviceAccountEmail":null,"vpc":null,"platform":"gcfv2","labels":{},"callableTrigger":{},"entryPoint":"environment"}},"specVersion":"v1alpha1","requiredAPIs":[],"extensions":{}}
[info] ✔  functions: Loaded functions definitions from source: environment. {"metadata":{"emulator":{"name":"functions"},"message":"Loaded functions definitions from source: environment."}}
